15:49:24 **** Incremental Build of configuration Debug for project HELLO2 ****
make -j8 all 
arm-none-eabi-gcc "../Core/Src/main.c" -mcpu=cortex-m4 -std=gnu11 -g3 -DDEBUG -DUSE_HAL_DRIVER -DSTM32L4R5xx -c -I../Core/Inc -I../Drivers/STM32L4xx_HAL_Driver/Inc -I../Drivers/STM32L4xx_HAL_Driver/Inc/Legacy -I../Drivers/CMSIS/Device/ST/STM32L4xx/Include -I../Drivers/CMSIS/Include -I../Middlewares/Third_Party/FreeRTOS/Source/include -I../Middlewares/Third_Party/FreeRTOS/Source/CMSIS_RTOS_V2 -I../Middlewares/Third_Party/FreeRTOS/Source/portable/GCC/ARM_CM4F -O0 -ffunction-sections -fdata-sections -Wall -fstack-usage -fcyclomatic-complexity -MMD -MP -MF"Core/Src/main.d" -MT"Core/Src/main.o" --specs=nano.specs -mfpu=fpv4-sp-d16 -mfloat-abi=hard -mthumb -o "Core/Src/main.o"
arm-none-eabi-gcc -o "HELLO2.elf" @"objects.list"   -mcpu=cortex-m4 -T"C:\Users\baron\OneDrive\skola\data\5_semestr\SRC\STM32\HELLO2\STM32L4R5ZITX_FLASH.ld" --specs=nosys.specs -Wl,-Map="HELLO2.map" -Wl,--gc-sections -static --specs=nano.specs -mfpu=fpv4-sp-d16 -mfloat-abi=hard -mthumb -Wl,--start-group -lc -lm -Wl,--end-group
Finished building target: HELLO2.elf
 
arm-none-eabi-size  HELLO2.elf 
arm-none-eabi-objdump -h -S HELLO2.elf  > "HELLO2.list"
   text	   data	    bss	    dec	    hex	filename
  30956	     96	  10080	  41132	   a0ac	HELLO2.elf
Finished building: default.size.stdout
 
Finished building: HELLO2.list
 

15:49:26 Build Finished. 0 errors, 0 warnings. (took 2s.368ms)

